AR filter behavioral D:/PROGRAMOWANIE/Github/rstryhard/debounce.vhd sub00/vhpl03 1399804075
AR synchronizer behavioral D:/PROGRAMOWANIE/Github/rstryhard/synchronizer.vhd sub00/vhpl01 1399804073
EN synchronizer NULL D:/PROGRAMOWANIE/Github/rstryhard/synchronizer.vhd sub00/vhpl00 1399804072
EN receiver NULL D:/PROGRAMOWANIE/Github/rstryhard/reciever.vhd sub00/vhpl04 1399804076
EN filter NULL D:/PROGRAMOWANIE/Github/rstryhard/debounce.vhd sub00/vhpl02 1399804074
AR receiver behavioral D:/PROGRAMOWANIE/Github/rstryhard/reciever.vhd sub00/vhpl05 1399804077
